INFO  [2026-07-30 21:35:55] Starting parameter and data checks..
INFO  [2026-07-30 21:35:55] Parameter and data checks complete.
INFO  [2026-07-30 21:35:55] Starting PTM summarization..
INFO  [2026-07-30 21:35:55] MSstats - dataProcess function
INFO  [2026-07-30 21:35:55] Summary method: TMP
INFO  [2026-07-30 21:35:55] censoredInt: NA
INFO  [2026-07-30 21:35:55] ** Features with one or two measurements across runs are removed.
INFO  [2026-07-30 21:35:55] ** Fractionation handled.
INFO  [2026-07-30 21:35:55] ** Updated quantification data to make balanced design. Missing values are marked by NA
INFO  [2026-07-30 21:35:55] 

INFO  [2026-07-30 21:35:55] Logarithm transformation with base 2 is done
INFO  [2026-07-30 21:35:55] Factorize in columns(GROUP, SUBJECT, GROUP_ORIGINAL, SUBJECT_ORIGINAL, FEATURE, RUN)
Normalization based on median: OK [2026-07-30 21:35:55] 
INFO  [2026-07-30 21:35:55] ** Log2 intensities under cutoff = 13.732  were considered as censored missing values.
INFO  [2026-07-30 21:35:55] ** Log2 intensities = NA were considered as censored missing values.
INFO  [2026-07-30 21:35:55] ** Use all features that the dataset originally has.
INFO  [2026-07-30 21:35:55] 
 # proteins: 121
 # peptides per protein: 1-5
 # features per peptide: 1-1
INFO  [2026-07-30 21:35:55] Some proteins have only one feature: 
 Q9UHD8_K028,
 Q9UHD8_K069,
 Q9UHD8_K141,
 Q9UHQ9_K046,
 Q9UHQ9_K062 ...
INFO  [2026-07-30 21:35:55] 
                    CCCP Combo Ctrl USP30_OE
             # runs    4     4    4        4
    # bioreplicates    2     2    2        2
 # tech. replicates    2     2    2        2
INFO  [2026-07-30 21:35:55] Some features are completely missing in at least one condition:  
 AMDQEITVNPQFVQK*SMGSQEDDSGNKPSSYS_4_NA_NA,
 DLDEVLQTHSVFVNVSKGQVAK*_4_NA_NA,
 DWAYSK*GFVTADMIR_2_NA_NA,
 DWAYSK*GFVTADMIR_3_NA_NA,
 EAIHALSSSEDGGHIFCTLESLK*R_4_NA_NA ...
INFO  [2026-07-30 21:35:55] == Start the summarization per subplot...
INFO  [2026-07-30 21:35:56] == Summarization is done.
INFO  [2026-07-30 21:35:56] Starting Protein summarization..
INFO  [2026-07-30 21:35:56] MSstats - dataProcess function
INFO  [2026-07-30 21:35:56] Summary method: TMP
INFO  [2026-07-30 21:35:56] censoredInt: NA
INFO  [2026-07-30 21:35:56] ** Features with one or two measurements across runs are removed.
INFO  [2026-07-30 21:35:56] ** Fractionation handled.
INFO  [2026-07-30 21:35:56] ** Updated quantification data to make balanced design. Missing values are marked by NA
INFO  [2026-07-30 21:35:56] 

INFO  [2026-07-30 21:35:56] Logarithm transformation with base 2 is done
INFO  [2026-07-30 21:35:56] Factorize in columns(GROUP, SUBJECT, GROUP_ORIGINAL, SUBJECT_ORIGINAL, FEATURE, RUN)
Normalization based on median: OK [2026-07-30 21:35:56] 
INFO  [2026-07-30 21:35:56] ** Log2 intensities under cutoff = 16.998  were considered as censored missing values.
INFO  [2026-07-30 21:35:56] ** Log2 intensities = NA were considered as censored missing values.
INFO  [2026-07-30 21:35:56] ** Use all features that the dataset originally has.
INFO  [2026-07-30 21:35:56] 
 # proteins: 26
 # peptides per protein: 1-9
 # features per peptide: 1-1
INFO  [2026-07-30 21:35:56] Some proteins have only one feature: 
 Q9UHD8,
 Q9UHQ9,
 Q9UIF8,
 Q9UL25,
 Q9UNH7 ...
INFO  [2026-07-30 21:35:56] 
                    CCCP Combo Ctrl USP30_OE
             # runs    4     4    4        4
    # bioreplicates    2     2    2        2
 # tech. replicates    2     2    2        2
INFO  [2026-07-30 21:35:56] Some features are completely missing in at least one condition:  
 LMKMAR_2_NA_NA,
 TDQFPLFLIIMGK_2_NA_NA,
 TVYSHLFDHVVNR_4_NA_NA,
 NA,
 NA ...
INFO  [2026-07-30 21:35:56] == Start the summarization per subplot...
INFO  [2026-07-30 21:35:56] == Summarization is done.
INFO  [2026-07-30 21:35:56] Summarization complete. Returning output
