INFO  [2026-04-16 22:12:43] ** Raw data from ProteinProspector imported successfully.
INFO  [2026-04-16 22:12:43] ** Raw data from ProteinProspector cleaned successfully.
INFO  [2026-04-16 22:12:43] ** Using provided annotation.
INFO  [2026-04-16 22:12:43] ** Run and Channel labels were standardized to remove symbols such as '.' or '%'.
INFO  [2026-04-16 22:12:43] ** The following options are used:
  - Features will be defined by the columns: PeptideSequence, PrecursorCharge
  - Shared peptides will be removed.
  - Proteins with single feature will not be removed.
  - Features with less than 3 measurements within each run will be removed.
INFO  [2026-04-16 22:12:43] ** Features with all missing measurements across channels within each run are removed.
INFO  [2026-04-16 22:12:43] ** Shared peptides are removed.
INFO  [2026-04-16 22:12:43] ** Features with one or two measurements across channels within each run are removed.
INFO  [2026-04-16 22:12:43] ** PSMs have been aggregated to peptide ions.
INFO  [2026-04-16 22:12:43] ** Run annotation merged with quantification data.
INFO  [2026-04-16 22:12:43] ** For peptides overlapped between fractions of Mixture1_1 use the fraction with maximal average abundance.
INFO  [2026-04-16 22:12:43] ** Fractions belonging to same mixture have been combined.
INFO  [2026-04-16 22:12:43] ** Features with one or two measurements across channels within each run are removed.
INFO  [2026-04-16 22:12:43] ** Fractionation handled.
INFO  [2026-04-16 22:12:43] ** Updated quantification data to make balanced design. Missing values are marked by NA
INFO  [2026-04-16 22:12:43] 

INFO  [2026-04-16 22:12:43] ** Finished preprocessing. The dataset is ready to be processed by the proteinSummarization function.
INFO  [2026-04-16 22:12:43] 

