INFO  [2026-04-25 15:40:04] ** Raw data from MaxQuant imported successfully.
INFO  [2026-04-25 15:40:04] ** Rows with values of Potentialcontaminant equal to + are removed 
INFO  [2026-04-25 15:40:04] ** Rows with values of Reverse equal to + are removed 
INFO  [2026-04-25 15:40:04] ** Features with all missing measurements across channels within each run are removed.
INFO  [2026-04-25 15:40:04] ** Using provided annotation.
INFO  [2026-04-25 15:40:04] ** Run and Channel labels were standardized to remove symbols such as '.' or '%'.
INFO  [2026-04-25 15:40:04] ** The following options are used:
  - Features will be defined by the columns: PeptideSequence, PrecursorCharge
  - Shared peptides will be removed.
  - Proteins with single feature will not be removed.
  - Features with less than 3 measurements within each run will be kept.
INFO  [2026-04-25 15:40:04] ** Features with all missing measurements across channels within each run are removed.
INFO  [2026-04-25 15:40:04] ** Shared peptides are removed.
INFO  [2026-04-25 15:40:04] ** Features with all missing measurements across channels within each run are removed.
INFO  [2026-04-25 15:40:04] ** PSMs have been aggregated to peptide ions.
INFO  [2026-04-25 15:40:04] ** Run annotation merged with quantification data.
INFO  [2026-04-25 15:40:04] ** Features with one or two measurements across channels within each run are removed.
INFO  [2026-04-25 15:40:04] ** Fractionation handled.
INFO  [2026-04-25 15:40:05] ** Updated quantification data to make balanced design. Missing values are marked by NA
INFO  [2026-04-25 15:40:05] 

INFO  [2026-04-25 15:40:05] ** Finished preprocessing. The dataset is ready to be processed by the proteinSummarization function.
INFO  [2026-04-25 15:40:05] 

