INFO  [2026-07-30 21:35:50] ** Raw data from Spectronaut imported successfully.
INFO  [2026-07-30 21:35:50] ** Raw data from Spectronaut cleaned successfully.
INFO  [2026-07-30 21:35:50] ** Using provided annotation.
INFO  [2026-07-30 21:35:50] ** Run labels were standardized to remove symbols such as '.' or '%'.
INFO  [2026-07-30 21:35:50] ** The following options are used:
  - Features will be defined by the columns: PeptideSequence, PrecursorCharge, FragmentIon, ProductCharge
  - Shared peptides will be removed.
  - Proteins with single feature will not be removed.
  - Features with less than 3 measurements across runs will be removed.
INFO  [2026-07-30 21:35:50] ** Intensities with values of FExcludedFromQuantification equal to TRUE are replaced with NA
WARN  [2026-07-30 21:35:50] ** PGQvalue not found in input columns.
WARN  [2026-07-30 21:35:50] ** EGQvalue not found in input columns.
INFO  [2026-07-30 21:35:50] ** Features with all missing measurements across runs are removed.
INFO  [2026-07-30 21:35:50] ** Shared peptides are removed.
INFO  [2026-07-30 21:35:50] ** Multiple measurements in a feature and a run are summarized by summaryforMultipleRows: max
INFO  [2026-07-30 21:35:50] ** Features with one or two measurements across runs are removed.
INFO  [2026-07-30 21:35:50] ** Run annotation merged with quantification data.
INFO  [2026-07-30 21:35:50] ** Features with one or two measurements across runs are removed.
INFO  [2026-07-30 21:35:50] ** Fractionation handled.
INFO  [2026-07-30 21:35:50] ** Updated quantification data to make balanced design. Missing values are marked by NA
INFO  [2026-07-30 21:35:50] 

INFO  [2026-07-30 21:35:50] ** Finished preprocessing. The dataset is ready to be processed by the dataProcess function.
INFO  [2026-07-30 21:35:50] 

