INFO  [2026-04-24 21:03:29] ** Raw data from MaxQuant imported successfully.
INFO  [2026-04-24 21:03:29] ** Rows with values of Potentialcontaminant equal to + are removed 
INFO  [2026-04-24 21:03:29] ** Rows with values of Reverse equal to + are removed 
INFO  [2026-04-24 21:03:29] ** Using provided annotation.
INFO  [2026-04-24 21:03:29] ** Run labels were standardized to remove symbols such as '.' or '%'.
INFO  [2026-04-24 21:03:29] ** The following options are used:
  - Features will be defined by the columns: PeptideSequence, PrecursorCharge
  - Shared peptides will be removed.
  - Proteins with single feature will not be removed.
  - Features with less than 3 measurements across runs will be removed.
INFO  [2026-04-24 21:03:29] ** Features with all missing measurements across runs are removed.
INFO  [2026-04-24 21:03:29] ** Shared peptides are removed.
INFO  [2026-04-24 21:03:29] ** Multiple measurements in a feature and a run are summarized by summaryforMultipleRows: max
INFO  [2026-04-24 21:03:29] ** Features with one or two measurements across runs are removed.
INFO  [2026-04-24 21:03:29] ** Run annotation merged with quantification data.
INFO  [2026-04-24 21:03:29] ** Features with one or two measurements across runs are removed.
INFO  [2026-04-24 21:03:29] ** Fractionation handled.
INFO  [2026-04-24 21:03:29] ** Updated quantification data to make balanced design. Missing values are marked by NA
INFO  [2026-04-24 21:03:29] 

INFO  [2026-04-24 21:03:29] ** Finished preprocessing. The dataset is ready to be processed by the dataProcess function.
INFO  [2026-04-24 21:03:29] 

