INFO  [2026-04-25 15:40:06] ** Raw data from ProteomeDiscoverer imported successfully.
INFO  [2026-04-25 15:40:06] ** Raw data from ProteomeDiscoverer cleaned successfully.
INFO  [2026-04-25 15:40:06] ** Using provided annotation.
INFO  [2026-04-25 15:40:06] ** Run labels were standardized to remove symbols such as '.' or '%'.
INFO  [2026-04-25 15:40:06] ** The following options are used:
  - Features will be defined by the columns: PeptideSequence, PrecursorCharge
  - Shared peptides will be removed.
  - Proteins with single feature will not be removed.
  - Features with less than 3 measurements across runs will be removed.
INFO  [2026-04-25 15:40:06] ** Features with all missing measurements across runs are removed.
INFO  [2026-04-25 15:40:06] ** Shared peptides are removed.
INFO  [2026-04-25 15:40:06] ** Multiple measurements in a feature and a run are summarized by summaryforMultipleRows: max
INFO  [2026-04-25 15:40:06] ** Features with one or two measurements across runs are removed.
INFO  [2026-04-25 15:40:06] ** Run annotation merged with quantification data.
INFO  [2026-04-25 15:40:06] ** Features with one or two measurements across runs are removed.
INFO  [2026-04-25 15:40:06] ** Fractionation handled.
INFO  [2026-04-25 15:40:06] ** Updated quantification data to make balanced design. Missing values are marked by NA
INFO  [2026-04-25 15:40:06] 

INFO  [2026-04-25 15:40:06] ** Finished preprocessing. The dataset is ready to be processed by the dataProcess function.
INFO  [2026-04-25 15:40:06] 

