INFO  [2026-04-24 21:07:10] ** Raw data from Philosopher imported successfully.
INFO  [2026-04-24 21:07:10] ** Using provided annotation.
INFO  [2026-04-24 21:07:10] ** Run and Channel labels were standardized to remove symbols such as '.' or '%'.
INFO  [2026-04-24 21:07:10] ** The following options are used:
  - Features will be defined by the columns: PeptideSequence, PrecursorCharge
  - Shared peptides will be removed.
  - Proteins with single feature will not be removed.
  - Features with less than 3 measurements within each run will be kept.
INFO  [2026-04-24 21:07:10] ** Rows with values not greater than 0.6 in Purity are removed 
WARN  [2026-04-24 21:07:10] ** PeptideProphetProbability not found in input columns.
INFO  [2026-04-24 21:07:10] ** Sequences containing Oxidation are removed.
INFO  [2026-04-24 21:07:10] ** Features with all missing measurements across channels within each run are removed.
INFO  [2026-04-24 21:07:10] ** Shared peptides are removed.
INFO  [2026-04-24 21:07:10] ** Features with all missing measurements across channels within each run are removed.
INFO  [2026-04-24 21:07:10] ** PSMs have been aggregated to peptide ions.
INFO  [2026-04-24 21:07:10] ** Run annotation merged with quantification data.
INFO  [2026-04-24 21:07:10] ** Features with one or two measurements across channels within each run are removed.
INFO  [2026-04-24 21:07:10] ** Fractionation handled.
INFO  [2026-04-24 21:07:10] ** Updated quantification data to make balanced design. Missing values are marked by NA
INFO  [2026-04-24 21:07:10] 

INFO  [2026-04-24 21:07:10] ** Finished preprocessing. The dataset is ready to be processed by the proteinSummarization function.
INFO  [2026-04-24 21:07:10] 

