INFO  [2026-04-24 19:22:54] ** Raw data from ProteomeDiscoverer imported successfully.
INFO  [2026-04-24 19:22:54] ** Raw data from ProteomeDiscoverer cleaned successfully.
INFO  [2026-04-24 19:22:54] ** Using provided annotation.
INFO  [2026-04-24 19:22:54] ** Run and Channel labels were standardized to remove symbols such as '.' or '%'.
INFO  [2026-04-24 19:22:54] ** The following options are used:
  - Features will be defined by the columns: PeptideSequence, PrecursorCharge
  - Shared peptides will be removed.
  - Proteins with single feature will not be removed.
  - Features with less than 3 measurements within each run will be removed.
INFO  [2026-04-24 19:22:54] ** Features with all missing measurements across channels within each run are removed.
INFO  [2026-04-24 19:22:54] ** Shared peptides are removed.
INFO  [2026-04-24 19:22:54] ** Features with one or two measurements across channels within each run are removed.
INFO  [2026-04-24 19:22:54] ** PSMs have been aggregated to peptide ions.
INFO  [2026-04-24 19:22:54] ** Run annotation merged with quantification data.
INFO  [2026-04-24 19:22:54] ** For peptides overlapped between fractions of mixture1_1 use the fraction with maximal average abundance.
INFO  [2026-04-24 19:22:54] ** Fractions belonging to same mixture have been combined.
INFO  [2026-04-24 19:22:54] ** Features with one or two measurements across channels within each run are removed.
INFO  [2026-04-24 19:22:54] ** Fractionation handled.
INFO  [2026-04-24 19:22:54] ** Updated quantification data to make balanced design. Missing values are marked by NA
INFO  [2026-04-24 19:22:54] 

INFO  [2026-04-24 19:22:54] ** Finished preprocessing. The dataset is ready to be processed by the proteinSummarization function.
INFO  [2026-04-24 19:22:54] 

